../Core/st7735/st7735.c:79:6:ST7735_Select	8	static
../Core/st7735/st7735.c:84:6:ST7735_Unselect	8	static
../Core/st7735/st7735.c:89:13:ST7735_WriteCommand	16	static
../Core/st7735/st7735.c:104:13:ST7735_WriteData	16	static
../Core/st7735/st7735.c:120:13:ST7735_ExecuteCommandList	24	static
../Core/st7735/st7735.c:145:13:ST7735_SetAddressWindow	32	static
../Core/st7735/st7735.c:166:6:ST7735_DrawPixel	24	static
../Core/st7735/st7735.c:181:6:ST7735_Init	8	static
../Core/st7735/st7735.c:192:13:ST7735_WriteChar	48	static
../Core/st7735/st7735.c:212:6:ST7735_WriteString	32	static
../Core/st7735/st7735.c:238:6:ST7735_FillRectangle	32	static
../Core/st7735/st7735.c:267:6:ST7735_FillRectangleFast	32	static
../Core/st7735/st7735.c:287:6:ST7735_FillScreen	24	static
../Core/st7735/st7735.c:291:6:ST7735_FillScreenFast	24	static
../Core/st7735/st7735.c:295:6:ST7735_DrawImage	24	static
../Core/st7735/st7735.c:306:6:ST7735_InvertColors	16	static
../Core/st7735/st7735.c:312:6:ST7735_SetGamma	16	static
